172.16.15.67 - - [21/May/2025:07:26:22 +0000] "GET /AirlockUnlock/bien/photos/villa1.jpg HTTP/2.0" 200 57075 "https://172.16.15.106:422/" "Mozilla/5.0 (Windows NT 10.0; Win64; x64) AppleWebKit/537.36 (KHTML, like Gecko) Chrome/136.0.0.0 Safari/537.36"
172.16.15.67 - - [21/May/2025:07:26:22 +0000] "GET /AirlockUnlock/bien/photos/test1.jpg HTTP/2.0" 200 63142 "https://172.16.15.106:422/" "Mozilla/5.0 (Windows NT 10.0; Win64; x64) AppleWebKit/537.36 (KHTML, like Gecko) Chrome/136.0.0.0 Safari/537.36"
172.16.15.67 - - [21/May/2025:07:26:22 +0000] "GET /AirlockUnlock/bien/photos/studio1.jpg HTTP/2.0" 200 34218 "https://172.16.15.106:422/" "Mozilla/5.0 (Windows NT 10.0; Win64; x64) AppleWebKit/537.36 (KHTML, like Gecko) Chrome/136.0.0.0 Safari/537.36"
172.16.15.87 - - [21/May/2025:07:27:29 +0000] "POST /AirlockUnlock/proprietaire/connexion.php HTTP/2.0" 200 331 "https://172.16.15.106:422/" "Mozilla/5.0 (Windows NT 10.0; Win64; x64) AppleWebKit/537.36 (KHTML, like Gecko) Chrome/136.0.0.0 Safari/537.36"
172.16.15.87 - - [21/May/2025:07:27:54 +0000] "OPTIONS /AirlockUnlock/bien/publier-bien.php HTTP/2.0" 200 31 "https://172.16.15.106:422/" "Mozilla/5.0 (Windows NT 10.0; Win64; x64) AppleWebKit/537.36 (KHTML, like Gecko) Chrome/136.0.0.0 Safari/537.36"
172.16.15.87 - - [21/May/2025:07:27:54 +0000] "POST /AirlockUnlock/bien/publier-bien.php HTTP/2.0" 200 58 "https://172.16.15.106:422/" "Mozilla/5.0 (Windows NT 10.0; Win64; x64) AppleWebKit/537.36 (KHTML, like Gecko) Chrome/136.0.0.0 Safari/537.36"
172.16.15.67 - - [21/May/2025:07:29:30 +0000] "GET /AirlockUnlock/bien/biens.php?id_bien=4 HTTP/2.0" 200 306 "https://172.16.15.106:422/" "Mozilla/5.0 (Windows NT 10.0; Win64; x64) AppleWebKit/537.36 (KHTML, like Gecko) Chrome/136.0.0.0 Safari/537.36"
172.16.15.67 - - [21/May/2025:07:29:32 +0000] "GET /AirlockUnlock/bien/biens.php HTTP/2.0" 200 1078 "https://172.16.15.106:422/" "Mozilla/5.0 (Windows NT 10.0; Win64; x64) AppleWebKit/537.36 (KHTML, like Gecko) Chrome/136.0.0.0 Safari/537.36"
172.16.15.67 - - [21/May/2025:07:29:32 +0000] "GET /AirlockUnlock/bien/biens.php HTTP/2.0" 200 1078 "https://172.16.15.106:422/" "Mozilla/5.0 (Windows NT 10.0; Win64; x64) AppleWebKit/537.36 (KHTML, like Gecko) Chrome/136.0.0.0 Safari/537.36"
172.16.15.67 - - [21/May/2025:07:29:32 +0000] "GET /AirlockUnlock/bien/biens.php HTTP/2.0" 200 1078 "https://172.16.15.106:422/" "Mozilla/5.0 (Windows NT 10.0; Win64; x64) AppleWebKit/537.36 (KHTML, like Gecko) Chrome/136.0.0.0 Safari/537.36"
172.16.15.67 - - [21/May/2025:07:29:32 +0000] "GET /AirlockUnlock/bien/photos/test1.jpg HTTP/2.0" 200 63142 "https://172.16.15.106:422/" "Mozilla/5.0 (Windows NT 10.0; Win64; x64) AppleWebKit/537.36 (KHTML, like Gecko) Chrome/136.0.0.0 Safari/537.36"
172.16.15.67 - - [21/May/2025:07:29:32 +0000] "GET /AirlockUnlock/bien/photos/studio1.jpg HTTP/2.0" 200 34218 "https://172.16.15.106:422/" "Mozilla/5.0 (Windows NT 10.0; Win64; x64) AppleWebKit/537.36 (KHTML, like Gecko) Chrome/136.0.0.0 Safari/537.36"
172.16.15.67 - - [21/May/2025:07:29:32 +0000] "GET /AirlockUnlock/bien/photos/bureau1.jpg HTTP/2.0" 200 36638 "https://172.16.15.106:422/" "Mozilla/5.0 (Windows NT 10.0; Win64; x64) AppleWebKit/537.36 (KHTML, like Gecko) Chrome/136.0.0.0 Safari/537.36"
172.16.15.67 - - [21/May/2025:07:29:32 +0000] "GET /AirlockUnlock/bien/photos/villa1.jpg HTTP/2.0" 200 57075 "https://172.16.15.106:422/" "Mozilla/5.0 (Windows NT 10.0; Win64; x64) AppleWebKit/537.36 (KHTML, like Gecko) Chrome/136.0.0.0 Safari/537.36"
172.16.15.67 - - [21/May/2025:07:29:32 +0000] "GET /AirlockUnlock/bien/biens.php HTTP/2.0" 200 1078 "https://172.16.15.106:422/" "Mozilla/5.0 (Windows NT 10.0; Win64; x64) AppleWebKit/537.36 (KHTML, like Gecko) Chrome/136.0.0.0 Safari/537.36"
172.16.15.97 - - [21/May/2025:07:32:28 +0000] "POST /AirlockUnlock/client/connexion.php HTTP/1.1" 200 344 "-" "Dalvik/2.1.0 (Linux; U; Android 14; SM-X210 Build/UP1A.231005.007)"
172.16.15.97 - - [21/May/2025:07:32:28 +0000] "POST /AirlockUnlock/client/connexion.php HTTP/1.1" 200 344 "-" "Dalvik/2.1.0 (Linux; U; Android 14; SM-X210 Build/UP1A.231005.007)"
172.16.15.97 - - [21/May/2025:07:32:29 +0000] "POST /AirlockUnlock/client/connexion.php HTTP/1.1" 200 344 "-" "Dalvik/2.1.0 (Linux; U; Android 14; SM-X210 Build/UP1A.231005.007)"
172.16.15.97 - - [21/May/2025:07:32:29 +0000] "POST /AirlockUnlock/client/connexion.php HTTP/1.1" 200 344 "-" "Dalvik/2.1.0 (Linux; U; Android 14; SM-X210 Build/UP1A.231005.007)"
172.16.15.97 - - [21/May/2025:07:32:29 +0000] "POST /AirlockUnlock/client/connexion.php HTTP/1.1" 200 66 "-" "Dalvik/2.1.0 (Linux; U; Android 14; SM-X210 Build/UP1A.231005.007)"
172.16.15.97 - - [21/May/2025:07:32:29 +0000] "POST /AirlockUnlock/client/connexion.php HTTP/1.1" 200 66 "-" "Dalvik/2.1.0 (Linux; U; Android 14; SM-X210 Build/UP1A.231005.007)"
172.16.15.97 - - [21/May/2025:07:32:29 +0000] "POST /AirlockUnlock/client/connexion.php HTTP/1.1" 200 66 "-" "Dalvik/2.1.0 (Linux; U; Android 14; SM-X210 Build/UP1A.231005.007)"
172.16.15.97 - - [21/May/2025:07:32:29 +0000] "POST /AirlockUnlock/client/connexion.php HTTP/1.1" 200 66 "-" "Dalvik/2.1.0 (Linux; U; Android 14; SM-X210 Build/UP1A.231005.007)"
172.16.15.97 - - [21/May/2025:07:32:29 +0000] "POST /AirlockUnlock/client/connexion.php HTTP/1.1" 200 74 "-" "Dalvik/2.1.0 (Linux; U; Android 14; SM-X210 Build/UP1A.231005.007)"
172.16.15.97 - - [21/May/2025:07:32:29 +0000] "POST /AirlockUnlock/client/connexion.php HTTP/1.1" 200 74 "-" "Dalvik/2.1.0 (Linux; U; Android 14; SM-X210 Build/UP1A.231005.007)"
172.16.15.97 - - [21/May/2025:07:32:29 +0000] "GET /AirlockUnlock/client/reservations.php HTTP/1.1" 200 1123 "-" "Dalvik/2.1.0 (Linux; U; Android 14; SM-X210 Build/UP1A.231005.007)"
172.16.15.97 - - [21/May/2025:07:32:29 +0000] "GET /AirlockUnlock/client/reservations.php HTTP/1.1" 200 1123 "-" "Dalvik/2.1.0 (Linux; U; Android 14; SM-X210 Build/UP1A.231005.007)"
172.16.15.97 - - [21/May/2025:07:32:29 +0000] "GET /AirlockUnlock/client/reservations.php HTTP/1.1" 200 1123 "-" "Dalvik/2.1.0 (Linux; U; Android 14; SM-X210 Build/UP1A.231005.007)"
172.16.15.97 - - [21/May/2025:07:32:29 +0000] "GET /AirlockUnlock/client/reservations.php HTTP/1.1" 200 1123 "-" "Dalvik/2.1.0 (Linux; U; Android 14; SM-X210 Build/UP1A.231005.007)"
172.16.15.97 - - [21/May/2025:07:32:50 +0000] "POST /AirlockUnlock/client/connexion.php HTTP/1.1" 200 344 "-" "Dalvik/2.1.0 (Linux; U; Android 14; SM-X210 Build/UP1A.231005.007)"
172.16.15.97 - - [21/May/2025:07:32:50 +0000] "GET /AirlockUnlock/client/reservations.php HTTP/1.1" 200 1123 "-" "Dalvik/2.1.0 (Linux; U; Android 14; SM-X210 Build/UP1A.231005.007)"
172.16.15.97 - - [21/May/2025:07:33:51 +0000] "POST /AirlockUnlock/client/connexion.php HTTP/1.1" 200 344 "-" "Dalvik/2.1.0 (Linux; U; Android 14; SM-X210 Build/UP1A.231005.007)"
172.16.15.97 - - [21/May/2025:07:33:51 +0000] "GET /AirlockUnlock/client/reservations.php HTTP/1.1" 200 1123 "-" "Dalvik/2.1.0 (Linux; U; Android 14; SM-X210 Build/UP1A.231005.007)"
172.16.15.87 - - [21/May/2025:07:34:14 +0000] "POST /AirlockUnlock/proprietaire/connexion.php HTTP/2.0" 200 411 "https://172.16.15.106:422/" "Mozilla/5.0 (Windows NT 10.0; Win64; x64) AppleWebKit/537.36 (KHTML, like Gecko) Chrome/136.0.0.0 Safari/537.36"
172.16.15.97 - - [21/May/2025:07:34:29 +0000] "POST /AirlockUnlock/client/connexion.php HTTP/1.1" 200 344 "-" "Dalvik/2.1.0 (Linux; U; Android 14; SM-X210 Build/UP1A.231005.007)"
172.16.15.97 - - [21/May/2025:07:34:30 +0000] "GET /AirlockUnlock/client/reservations.php HTTP/1.1" 200 1123 "-" "Dalvik/2.1.0 (Linux; U; Android 14; SM-X210 Build/UP1A.231005.007)"
172.16.15.97 - - [21/May/2025:07:34:38 +0000] "GET /AirlockUnlock/client/reservations.php HTTP/1.1" 200 1123 "-" "Dalvik/2.1.0 (Linux; U; Android 14; SM-X210 Build/UP1A.231005.007)"
172.16.15.87 - - [21/May/2025:07:34:42 +0000] "OPTIONS /AirlockUnlock/bien/publier-bien.php HTTP/2.0" 200 31 "https://172.16.15.106:422/" "Mozilla/5.0 (Windows NT 10.0; Win64; x64) AppleWebKit/537.36 (KHTML, like Gecko) Chrome/136.0.0.0 Safari/537.36"
172.16.15.87 - - [21/May/2025:07:34:42 +0000] "POST /AirlockUnlock/bien/publier-bien.php HTTP/2.0" 200 66 "https://172.16.15.106:422/" "Mozilla/5.0 (Windows NT 10.0; Win64; x64) AppleWebKit/537.36 (KHTML, like Gecko) Chrome/136.0.0.0 Safari/537.36"
172.16.15.97 - - [21/May/2025:07:36:14 +0000] "POST /AirlockUnlock/client/connexion.php HTTP/1.1" 200 66 "-" "PostmanRuntime/7.44.0"
172.16.15.97 - - [21/May/2025:07:36:24 +0000] "POST /AirlockUnlock/client/connexion.php HTTP/1.1" 200 66 "-" "PostmanRuntime/7.44.0"
172.16.15.97 - - [21/May/2025:07:36:33 +0000] "POST /AirlockUnlock/client/connexion.php HTTP/1.1" 200 66 "-" "PostmanRuntime/7.44.0"
172.16.15.97 - - [21/May/2025:07:36:39 +0000] "GET /AirlockUnlock/client/connexion.ph HTTP/2.0" 404 16 "-" "Mozilla/5.0 (Windows NT 10.0; Win64; x64) AppleWebKit/537.36 (KHTML, like Gecko) Chrome/136.0.0.0 Safari/537.36"
172.16.15.97 - - [21/May/2025:07:36:54 +0000] "GET /AirlockUnlock/client/connexion.php HTTP/2.0" 200 83 "-" "Mozilla/5.0 (Windows NT 10.0; Win64; x64) AppleWebKit/537.36 (KHTML, like Gecko) Chrome/136.0.0.0 Safari/537.36"
172.16.15.97 - - [21/May/2025:07:36:54 +0000] "GET /favicon.ico HTTP/2.0" 404 16 "https://172.16.15.74:421/AirlockUnlock/client/connexion.php" "Mozilla/5.0 (Windows NT 10.0; Win64; x64) AppleWebKit/537.36 (KHTML, like Gecko) Chrome/136.0.0.0 Safari/537.36"
172.16.15.67 - - [21/May/2025:07:37:07 +0000] "GET /AirlockUnlock/bien/biens.php HTTP/2.0" 200 1211 "https://172.16.15.106:422/" "Mozilla/5.0 (Windows NT 10.0; Win64; x64) AppleWebKit/537.36 (KHTML, like Gecko) Chrome/136.0.0.0 Safari/537.36"
172.16.15.97 - - [21/May/2025:07:37:27 +0000] "POST /AirlockUnlock/client/connexion.php HTTP/1.1" 200 344 "-" "PostmanRuntime/7.44.0"
172.16.15.87 - - [21/May/2025:07:37:47 +0000] "POST /AirlockUnlock/proprietaire/connexion.php HTTP/2.0" 200 411 "https://172.16.15.106:422/" "Mozilla/5.0 (Windows NT 10.0; Win64; x64) AppleWebKit/537.36 (KHTML, like Gecko) Chrome/136.0.0.0 Safari/537.36"
172.16.15.67 - - [21/May/2025:07:38:09 +0000] "GET /AirlockUnlock/bien/biens.php HTTP/2.0" 200 1211 "https://172.16.15.106:422/" "Mozilla/5.0 (Windows NT 10.0; Win64; x64) AppleWebKit/537.36 (KHTML, like Gecko) Chrome/136.0.0.0 Safari/537.36"
172.16.15.67 - - [21/May/2025:07:38:09 +0000] "GET /AirlockUnlock/bien/biens.php HTTP/2.0" 200 1211 "https://172.16.15.106:422/" "Mozilla/5.0 (Windows NT 10.0; Win64; x64) AppleWebKit/537.36 (KHTML, like Gecko) Chrome/136.0.0.0 Safari/537.36"
172.16.15.67 - - [21/May/2025:07:38:09 +0000] "GET /AirlockUnlock/bien/photos/bureau1.jpg HTTP/2.0" 200 36638 "https://172.16.15.106:422/" "Mozilla/5.0 (Windows NT 10.0; Win64; x64) AppleWebKit/537.36 (KHTML, like Gecko) Chrome/136.0.0.0 Safari/537.36"
172.16.15.67 - - [21/May/2025:07:38:09 +0000] "GET /AirlockUnlock/bien/photos/test1.jpg HTTP/2.0" 200 63142 "https://172.16.15.106:422/" "Mozilla/5.0 (Windows NT 10.0; Win64; x64) AppleWebKit/537.36 (KHTML, like Gecko) Chrome/136.0.0.0 Safari/537.36"
172.16.15.67 - - [21/May/2025:07:38:09 +0000] "GET /AirlockUnlock/bien/photos/studio1.jpg HTTP/2.0" 200 34218 "https://172.16.15.106:422/" "Mozilla/5.0 (Windows NT 10.0; Win64; x64) AppleWebKit/537.36 (KHTML, like Gecko) Chrome/136.0.0.0 Safari/537.36"
172.16.15.67 - - [21/May/2025:07:38:09 +0000] "GET /AirlockUnlock/bien/photos/villa1.jpg HTTP/2.0" 200 57075 "https://172.16.15.106:422/" "Mozilla/5.0 (Windows NT 10.0; Win64; x64) AppleWebKit/537.36 (KHTML, like Gecko) Chrome/136.0.0.0 Safari/537.36"
172.16.15.87 - - [21/May/2025:07:38:09 +0000] "OPTIONS /AirlockUnlock/bien/publier-bien.php HTTP/2.0" 200 0 "https://172.16.15.106:422/" "Mozilla/5.0 (Windows NT 10.0; Win64; x64) AppleWebKit/537.36 (KHTML, like Gecko) Chrome/136.0.0.0 Safari/537.36"
172.16.15.87 - - [21/May/2025:07:38:09 +0000] "POST /AirlockUnlock/bien/publier-bien.php HTTP/2.0" 200 66 "https://172.16.15.106:422/" "Mozilla/5.0 (Windows NT 10.0; Win64; x64) AppleWebKit/537.36 (KHTML, like Gecko) Chrome/136.0.0.0 Safari/537.36"
172.16.15.67 - - [21/May/2025:07:38:18 +0000] "GET /AirlockUnlock/bien/biens.php?id_bien=1 HTTP/2.0" 200 261 "https://172.16.15.106:422/" "Mozilla/5.0 (Windows NT 10.0; Win64; x64) AppleWebKit/537.36 (KHTML, like Gecko) Chrome/136.0.0.0 Safari/537.36"
172.16.15.67 - - [21/May/2025:07:38:22 +0000] "GET /AirlockUnlock/bien/biens.php HTTP/2.0" 200 1333 "https://172.16.15.106:422/" "Mozilla/5.0 (Windows NT 10.0; Win64; x64) AppleWebKit/537.36 (KHTML, like Gecko) Chrome/136.0.0.0 Safari/537.36"
172.16.15.67 - - [21/May/2025:07:38:22 +0000] "GET /AirlockUnlock/bien/biens.php HTTP/2.0" 200 1333 "https://172.16.15.106:422/" "Mozilla/5.0 (Windows NT 10.0; Win64; x64) AppleWebKit/537.36 (KHTML, like Gecko) Chrome/136.0.0.0 Safari/537.36"
172.16.15.67 - - [21/May/2025:07:38:23 +0000] "GET /AirlockUnlock/bien/biens.php?id_bien=4 HTTP/2.0" 200 306 "https://172.16.15.106:422/" "Mozilla/5.0 (Windows NT 10.0; Win64; x64) AppleWebKit/537.36 (KHTML, like Gecko) Chrome/136.0.0.0 Safari/537.36"
172.16.15.67 - - [21/May/2025:07:38:25 +0000] "GET /AirlockUnlock/bien/biens.php HTTP/2.0" 200 1333 "https://172.16.15.106:422/" "Mozilla/5.0 (Windows NT 10.0; Win64; x64) AppleWebKit/537.36 (KHTML, like Gecko) Chrome/136.0.0.0 Safari/537.36"
172.16.15.67 - - [21/May/2025:07:38:25 +0000] "GET /AirlockUnlock/bien/biens.php HTTP/2.0" 200 1333 "https://172.16.15.106:422/" "Mozilla/5.0 (Windows NT 10.0; Win64; x64) AppleWebKit/537.36 (KHTML, like Gecko) Chrome/136.0.0.0 Safari/537.36"
172.16.15.67 - - [21/May/2025:07:38:26 +0000] "GET /AirlockUnlock/bien/biens.php?id_bien=2 HTTP/2.0" 200 266 "https://172.16.15.106:422/" "Mozilla/5.0 (Windows NT 10.0; Win64; x64) AppleWebKit/537.36 (KHTML, like Gecko) Chrome/136.0.0.0 Safari/537.36"
172.16.15.67 - - [21/May/2025:07:38:29 +0000] "GET /AirlockUnlock/bien/biens.php HTTP/2.0" 200 1333 "https://172.16.15.106:422/" "Mozilla/5.0 (Windows NT 10.0; Win64; x64) AppleWebKit/537.36 (KHTML, like Gecko) Chrome/136.0.0.0 Safari/537.36"
172.16.15.67 - - [21/May/2025:07:38:29 +0000] "GET /AirlockUnlock/bien/biens.php HTTP/2.0" 200 1333 "https://172.16.15.106:422/" "Mozilla/5.0 (Windows NT 10.0; Win64; x64) AppleWebKit/537.36 (KHTML, like Gecko) Chrome/136.0.0.0 Safari/537.36"
172.16.15.87 - - [21/May/2025:07:38:55 +0000] "POST /AirlockUnlock/proprietaire/connexion.php HTTP/2.0" 200 411 "https://172.16.15.106:422/" "Mozilla/5.0 (Windows NT 10.0; Win64; x64) AppleWebKit/537.36 (KHTML, like Gecko) Chrome/136.0.0.0 Safari/537.36"
172.16.15.87 - - [21/May/2025:07:39:14 +0000] "OPTIONS /AirlockUnlock/bien/publier-bien.php HTTP/2.0" 200 0 "https://172.16.15.106:422/" "Mozilla/5.0 (Windows NT 10.0; Win64; x64) AppleWebKit/537.36 (KHTML, like Gecko) Chrome/136.0.0.0 Safari/537.36"
172.16.15.87 - - [21/May/2025:07:39:14 +0000] "POST /AirlockUnlock/bien/publier-bien.php HTTP/2.0" 200 31 "https://172.16.15.106:422/" "Mozilla/5.0 (Windows NT 10.0; Win64; x64) AppleWebKit/537.36 (KHTML, like Gecko) Chrome/136.0.0.0 Safari/537.36"
172.16.15.87 - - [21/May/2025:07:39:47 +0000] "POST /AirlockUnlock/proprietaire/connexion.php HTTP/2.0" 200 411 "https://172.16.15.106:422/" "Mozilla/5.0 (Windows NT 10.0; Win64; x64) AppleWebKit/537.36 (KHTML, like Gecko) Chrome/136.0.0.0 Safari/537.36"
172.16.15.87 - - [21/May/2025:07:40:12 +0000] "OPTIONS /AirlockUnlock/bien/publier-bien.php HTTP/2.0" 200 0 "https://172.16.15.106:422/" "Mozilla/5.0 (Windows NT 10.0; Win64; x64) AppleWebKit/537.36 (KHTML, like Gecko) Chrome/136.0.0.0 Safari/537.36"
172.16.15.87 - - [21/May/2025:07:40:12 +0000] "POST /AirlockUnlock/bien/publier-bien.php HTTP/2.0" 200 66 "https://172.16.15.106:422/" "Mozilla/5.0 (Windows NT 10.0; Win64; x64) AppleWebKit/537.36 (KHTML, like Gecko) Chrome/136.0.0.0 Safari/537.36"
172.16.15.97 - - [21/May/2025:07:40:18 +0000] "POST /AirlockUnlock/client/connexion.php HTTP/1.1" 200 66 "-" "PostmanRuntime/7.44.0"
172.16.15.67 - - [21/May/2025:07:40:30 +0000] "GET /AirlockUnlock/bien/biens.php HTTP/2.0" 200 1211 "https://172.16.15.106:422/" "Mozilla/5.0 (Windows NT 10.0; Win64; x64) AppleWebKit/537.36 (KHTML, like Gecko) Chrome/136.0.0.0 Safari/537.36"
172.16.15.67 - - [21/May/2025:07:40:30 +0000] "GET /AirlockUnlock/bien/photos/villa1.jpg HTTP/2.0" 200 57075 "https://172.16.15.106:422/" "Mozilla/5.0 (Windows NT 10.0; Win64; x64) AppleWebKit/537.36 (KHTML, like Gecko) Chrome/136.0.0.0 Safari/537.36"
172.16.15.67 - - [21/May/2025:07:40:30 +0000] "GET /AirlockUnlock/bien/photos/test1.jpg HTTP/2.0" 200 63142 "https://172.16.15.106:422/" "Mozilla/5.0 (Windows NT 10.0; Win64; x64) AppleWebKit/537.36 (KHTML, like Gecko) Chrome/136.0.0.0 Safari/537.36"
172.16.15.67 - - [21/May/2025:07:40:30 +0000] "GET /AirlockUnlock/bien/photos/studio1.jpg HTTP/2.0" 200 34218 "https://172.16.15.106:422/" "Mozilla/5.0 (Windows NT 10.0; Win64; x64) AppleWebKit/537.36 (KHTML, like Gecko) Chrome/136.0.0.0 Safari/537.36"
172.16.15.67 - - [21/May/2025:07:40:30 +0000] "GET /AirlockUnlock/bien/photos/bureau1.jpg HTTP/2.0" 200 36638 "https://172.16.15.106:422/" "Mozilla/5.0 (Windows NT 10.0; Win64; x64) AppleWebKit/537.36 (KHTML, like Gecko) Chrome/136.0.0.0 Safari/537.36"
172.16.15.67 - - [21/May/2025:07:40:30 +0000] "GET /AirlockUnlock/bien/biens.php HTTP/2.0" 200 1211 "https://172.16.15.106:422/" "Mozilla/5.0 (Windows NT 10.0; Win64; x64) AppleWebKit/537.36 (KHTML, like Gecko) Chrome/136.0.0.0 Safari/537.36"
172.16.15.97 - - [21/May/2025:07:40:38 +0000] "POST /AirlockUnlock/client/connexion.php HTTP/1.1" 200 344 "-" "PostmanRuntime/7.44.0"
172.16.15.97 - - [21/May/2025:07:40:59 +0000] "GET /AirlockUnlock/client/reservations.php HTTP/1.1" 200 1123 "-" "PostmanRuntime/7.44.0"
172.16.15.97 - - [21/May/2025:07:40:59 +0000] "GET /AirlockUnlock/client/reservations.php HTTP/1.1" 200 1123 "-" "Dalvik/2.1.0 (Linux; U; Android 14; SM-X210 Build/UP1A.231005.007)"
172.16.15.67 - - [21/May/2025:07:41:55 +0000] "GET /AirlockUnlock/client/reservations.php HTTP/2.0" 200 46 "https://172.16.15.106:422/" "Mozilla/5.0 (Windows NT 10.0; Win64; x64) AppleWebKit/537.36 (KHTML, like Gecko) Chrome/136.0.0.0 Safari/537.36"
172.16.15.67 - - [21/May/2025:07:41:57 +0000] "GET /AirlockUnlock/bien/biens.php HTTP/2.0" 200 1211 "https://172.16.15.106:422/" "Mozilla/5.0 (Windows NT 10.0; Win64; x64) AppleWebKit/537.36 (KHTML, like Gecko) Chrome/136.0.0.0 Safari/537.36"
172.16.15.67 - - [21/May/2025:07:41:57 +0000] "GET /AirlockUnlock/bien/biens.php HTTP/2.0" 200 1211 "https://172.16.15.106:422/" "Mozilla/5.0 (Windows NT 10.0; Win64; x64) AppleWebKit/537.36 (KHTML, like Gecko) Chrome/136.0.0.0 Safari/537.36"
172.16.15.87 - - [21/May/2025:07:43:01 +0000] "POST /AirlockUnlock/proprietaire/connexion.php HTTP/2.0" 200 411 "https://172.16.15.106:422/" "Mozilla/5.0 (Windows NT 10.0; Win64; x64) AppleWebKit/537.36 (KHTML, like Gecko) Chrome/136.0.0.0 Safari/537.36"
172.16.15.87 - - [21/May/2025:07:43:29 +0000] "OPTIONS /AirlockUnlock/bien/publier-bien.php HTTP/2.0" 200 0 "https://172.16.15.106:422/" "Mozilla/5.0 (Windows NT 10.0; Win64; x64) AppleWebKit/537.36 (KHTML, like Gecko) Chrome/136.0.0.0 Safari/537.36"
172.16.15.87 - - [21/May/2025:07:43:29 +0000] "POST /AirlockUnlock/bien/publier-bien.php HTTP/2.0" 200 66 "https://172.16.15.106:422/" "Mozilla/5.0 (Windows NT 10.0; Win64; x64) AppleWebKit/537.36 (KHTML, like Gecko) Chrome/136.0.0.0 Safari/537.36"
172.16.15.67 - - [21/May/2025:07:45:29 +0000] "GET /AirlockUnlock/bien/biens.php HTTP/2.0" 200 1211 "https://172.16.15.106:422/" "Mozilla/5.0 (Windows NT 10.0; Win64; x64) AppleWebKit/537.36 (KHTML, like Gecko) Chrome/136.0.0.0 Safari/537.36"
172.16.15.67 - - [21/May/2025:07:45:29 +0000] "GET /AirlockUnlock/bien/biens.php HTTP/2.0" 200 1211 "https://172.16.15.106:422/" "Mozilla/5.0 (Windows NT 10.0; Win64; x64) AppleWebKit/537.36 (KHTML, like Gecko) Chrome/136.0.0.0 Safari/537.36"
172.16.15.67 - - [21/May/2025:07:45:29 +0000] "GET /AirlockUnlock/bien/photos/test1.jpg HTTP/2.0" 200 63142 "https://172.16.15.106:422/" "Mozilla/5.0 (Windows NT 10.0; Win64; x64) AppleWebKit/537.36 (KHTML, like Gecko) Chrome/136.0.0.0 Safari/537.36"
172.16.15.67 - - [21/May/2025:07:45:29 +0000] "GET /AirlockUnlock/bien/photos/studio1.jpg HTTP/2.0" 200 34218 "https://172.16.15.106:422/" "Mozilla/5.0 (Windows NT 10.0; Win64; x64) AppleWebKit/537.36 (KHTML, like Gecko) Chrome/136.0.0.0 Safari/537.36"
172.16.15.67 - - [21/May/2025:07:45:29 +0000] "GET /AirlockUnlock/bien/photos/bureau1.jpg HTTP/2.0" 200 36638 "https://172.16.15.106:422/" "Mozilla/5.0 (Windows NT 10.0; Win64; x64) AppleWebKit/537.36 (KHTML, like Gecko) Chrome/136.0.0.0 Safari/537.36"
172.16.15.67 - - [21/May/2025:07:45:29 +0000] "GET /AirlockUnlock/bien/photos/villa1.jpg HTTP/2.0" 200 57075 "https://172.16.15.106:422/" "Mozilla/5.0 (Windows NT 10.0; Win64; x64) AppleWebKit/537.36 (KHTML, like Gecko) Chrome/136.0.0.0 Safari/537.36"
172.16.15.67 - - [21/May/2025:07:45:30 +0000] "GET /AirlockUnlock/bien/biens.php HTTP/2.0" 200 1211 "https://172.16.15.106:422/" "Mozilla/5.0 (Windows NT 10.0; Win64; x64) AppleWebKit/537.36 (KHTML, like Gecko) Chrome/136.0.0.0 Safari/537.36"
172.16.15.67 - - [21/May/2025:07:45:34 +0000] "GET /AirlockUnlock/bien/biens.php HTTP/2.0" 200 1211 "https://172.16.15.106:422/" "Mozilla/5.0 (Windows NT 10.0; Win64; x64) AppleWebKit/537.36 (KHTML, like Gecko) Chrome/136.0.0.0 Safari/537.36"
172.16.15.67 - - [21/May/2025:07:45:36 +0000] "GET /AirlockUnlock/bien/biens.php HTTP/2.0" 200 1211 "https://172.16.15.106:422/" "Mozilla/5.0 (Windows NT 10.0; Win64; x64) AppleWebKit/537.36 (KHTML, like Gecko) Chrome/136.0.0.0 Safari/537.36"
172.16.15.87 - - [21/May/2025:07:45:42 +0000] "POST /AirlockUnlock/proprietaire/connexion.php HTTP/2.0" 200 55 "https://172.16.15.106:422/" "Mozilla/5.0 (Windows NT 10.0; Win64; x64) AppleWebKit/537.36 (KHTML, like Gecko) Chrome/136.0.0.0 Safari/537.36"
172.16.15.87 - - [21/May/2025:07:45:48 +0000] "POST /AirlockUnlock/proprietaire/connexion.php HTTP/2.0" 200 411 "https://172.16.15.106:422/" "Mozilla/5.0 (Windows NT 10.0; Win64; x64) AppleWebKit/537.36 (KHTML, like Gecko) Chrome/136.0.0.0 Safari/537.36"
172.16.15.67 - - [21/May/2025:07:45:53 +0000] "GET /AirlockUnlock/bien/biens.php?id_bien=1 HTTP/2.0" 200 261 "https://172.16.15.106:422/" "Mozilla/5.0 (Windows NT 10.0; Win64; x64) AppleWebKit/537.36 (KHTML, like Gecko) Chrome/136.0.0.0 Safari/537.36"
172.16.15.87 - - [21/May/2025:07:46:17 +0000] "OPTIONS /AirlockUnlock/bien/publier-bien.php HTTP/2.0" 200 31 "https://172.16.15.106:422/" "Mozilla/5.0 (Windows NT 10.0; Win64; x64) AppleWebKit/537.36 (KHTML, like Gecko) Chrome/136.0.0.0 Safari/537.36"
172.16.15.87 - - [21/May/2025:07:46:17 +0000] "POST /AirlockUnlock/bien/publier-bien.php HTTP/2.0" 200 66 "https://172.16.15.106:422/" "Mozilla/5.0 (Windows NT 10.0; Win64; x64) AppleWebKit/537.36 (KHTML, like Gecko) Chrome/136.0.0.0 Safari/537.36"
172.16.15.67 - - [21/May/2025:07:47:18 +0000] "GET /AirlockUnlock/bien/biens.php?id_bien=1 HTTP/2.0" 200 261 "https://172.16.15.106:422/" "Mozilla/5.0 (Windows NT 10.0; Win64; x64) AppleWebKit/537.36 (KHTML, like Gecko) Chrome/136.0.0.0 Safari/537.36"
172.16.15.67 - - [21/May/2025:07:47:18 +0000] "GET /AirlockUnlock/bien/photos/test1.jpg HTTP/2.0" 200 63142 "https://172.16.15.106:422/" "Mozilla/5.0 (Windows NT 10.0; Win64; x64) AppleWebKit/537.36 (KHTML, like Gecko) Chrome/136.0.0.0 Safari/537.36"
172.16.15.67 - - [21/May/2025:07:47:35 +0000] "GET /AirlockUnlock/bien/biens.php?id_bien=1 HTTP/2.0" 200 261 "https://172.16.15.106:422/" "Mozilla/5.0 (Windows NT 10.0; Win64; x64) AppleWebKit/537.36 (KHTML, like Gecko) Chrome/136.0.0.0 Safari/537.36"
172.16.15.67 - - [21/May/2025:07:47:35 +0000] "GET /AirlockUnlock/bien/photos/test1.jpg HTTP/2.0" 200 63142 "https://172.16.15.106:422/" "Mozilla/5.0 (Windows NT 10.0; Win64; x64) AppleWebKit/537.36 (KHTML, like Gecko) Chrome/136.0.0.0 Safari/537.36"
172.16.15.67 - - [21/May/2025:07:47:38 +0000] "GET /AirlockUnlock/bien/biens.php?id_bien=1 HTTP/2.0" 200 261 "https://172.16.15.106:422/" "Mozilla/5.0 (Windows NT 10.0; Win64; x64) AppleWebKit/537.36 (KHTML, like Gecko) Chrome/136.0.0.0 Safari/537.36"
172.16.15.67 - - [21/May/2025:07:47:38 +0000] "GET /AirlockUnlock/bien/photos/test1.jpg HTTP/2.0" 200 63142 "https://172.16.15.106:422/" "Mozilla/5.0 (Windows NT 10.0; Win64; x64) AppleWebKit/537.36 (KHTML, like Gecko) Chrome/136.0.0.0 Safari/537.36"
172.16.15.87 - - [21/May/2025:07:48:41 +0000] "OPTIONS /AirlockUnlock/bien/publier-bien.php HTTP/2.0" 200 31 "https://172.16.15.106:422/" "Mozilla/5.0 (Windows NT 10.0; Win64; x64) AppleWebKit/537.36 (KHTML, like Gecko) Chrome/136.0.0.0 Safari/537.36"
172.16.15.87 - - [21/May/2025:07:48:41 +0000] "POST /AirlockUnlock/bien/publier-bien.php HTTP/2.0" 200 66 "https://172.16.15.106:422/" "Mozilla/5.0 (Windows NT 10.0; Win64; x64) AppleWebKit/537.36 (KHTML, like Gecko) Chrome/136.0.0.0 Safari/537.36"
172.16.15.67 - - [21/May/2025:07:49:53 +0000] "GET /AirlockUnlock/bien/biens.php?id_bien=1 HTTP/2.0" 200 261 "https://172.16.15.106:422/" "Mozilla/5.0 (Windows NT 10.0; Win64; x64) AppleWebKit/537.36 (KHTML, like Gecko) Chrome/136.0.0.0 Safari/537.36"
172.16.15.67 - - [21/May/2025:07:49:53 +0000] "GET /AirlockUnlock/bien/photos/test1.jpg HTTP/2.0" 200 63142 "https://172.16.15.106:422/" "Mozilla/5.0 (Windows NT 10.0; Win64; x64) AppleWebKit/537.36 (KHTML, like Gecko) Chrome/136.0.0.0 Safari/537.36"
172.16.15.67 - - [21/May/2025:07:49:57 +0000] "GET /AirlockUnlock/bien/biens.php HTTP/2.0" 200 1211 "https://172.16.15.106:422/" "Mozilla/5.0 (Windows NT 10.0; Win64; x64) AppleWebKit/537.36 (KHTML, like Gecko) Chrome/136.0.0.0 Safari/537.36"
172.16.15.67 - - [21/May/2025:07:49:57 +0000] "GET /AirlockUnlock/bien/biens.php HTTP/2.0" 200 1211 "https://172.16.15.106:422/" "Mozilla/5.0 (Windows NT 10.0; Win64; x64) AppleWebKit/537.36 (KHTML, like Gecko) Chrome/136.0.0.0 Safari/537.36"
172.16.15.67 - - [21/May/2025:07:49:57 +0000] "GET /AirlockUnlock/bien/photos/studio1.jpg HTTP/2.0" 200 34218 "https://172.16.15.106:422/" "Mozilla/5.0 (Windows NT 10.0; Win64; x64) AppleWebKit/537.36 (KHTML, like Gecko) Chrome/136.0.0.0 Safari/537.36"
172.16.15.67 - - [21/May/2025:07:49:57 +0000] "GET /AirlockUnlock/bien/photos/bureau1.jpg HTTP/2.0" 200 36638 "https://172.16.15.106:422/" "Mozilla/5.0 (Windows NT 10.0; Win64; x64) AppleWebKit/537.36 (KHTML, like Gecko) Chrome/136.0.0.0 Safari/537.36"
172.16.15.67 - - [21/May/2025:07:49:57 +0000] "GET /AirlockUnlock/bien/photos/villa1.jpg HTTP/2.0" 200 57075 "https://172.16.15.106:422/" "Mozilla/5.0 (Windows NT 10.0; Win64; x64) AppleWebKit/537.36 (KHTML, like Gecko) Chrome/136.0.0.0 Safari/537.36"
172.16.15.67 - - [21/May/2025:07:50:13 +0000] "GET /AirlockUnlock/bien/biens.php HTTP/2.0" 200 1211 "https://172.16.15.106:422/" "Mozilla/5.0 (Windows NT 10.0; Win64; x64) AppleWebKit/537.36 (KHTML, like Gecko) Chrome/136.0.0.0 Safari/537.36"
172.16.15.67 - - [21/May/2025:07:50:13 +0000] "GET /AirlockUnlock/bien/photos/test1.jpg HTTP/2.0" 200 63142 "https://172.16.15.106:422/" "Mozilla/5.0 (Windows NT 10.0; Win64; x64) AppleWebKit/537.36 (KHTML, like Gecko) Chrome/136.0.0.0 Safari/537.36"
172.16.15.67 - - [21/May/2025:07:50:13 +0000] "GET /AirlockUnlock/bien/photos/studio1.jpg HTTP/2.0" 200 34218 "https://172.16.15.106:422/" "Mozilla/5.0 (Windows NT 10.0; Win64; x64) AppleWebKit/537.36 (KHTML, like Gecko) Chrome/136.0.0.0 Safari/537.36"
172.16.15.67 - - [21/May/2025:07:50:13 +0000] "GET /AirlockUnlock/bien/photos/bureau1.jpg HTTP/2.0" 200 36638 "https://172.16.15.106:422/" "Mozilla/5.0 (Windows NT 10.0; Win64; x64) AppleWebKit/537.36 (KHTML, like Gecko) Chrome/136.0.0.0 Safari/537.36"
172.16.15.67 - - [21/May/2025:07:50:13 +0000] "GET /AirlockUnlock/bien/photos/villa1.jpg HTTP/2.0" 200 57075 "https://172.16.15.106:422/" "Mozilla/5.0 (Windows NT 10.0; Win64; x64) AppleWebKit/537.36 (KHTML, like Gecko) Chrome/136.0.0.0 Safari/537.36"
172.16.15.67 - - [21/May/2025:07:50:13 +0000] "GET /AirlockUnlock/bien/biens.php HTTP/2.0" 200 1211 "https://172.16.15.106:422/" "Mozilla/5.0 (Windows NT 10.0; Win64; x64) AppleWebKit/537.36 (KHTML, like Gecko) Chrome/136.0.0.0 Safari/537.36"
172.16.15.67 - - [21/May/2025:07:50:14 +0000] "GET /AirlockUnlock/bien/biens.php?id_bien=1 HTTP/2.0" 200 261 "https://172.16.15.106:422/" "Mozilla/5.0 (Windows NT 10.0; Win64; x64) AppleWebKit/537.36 (KHTML, like Gecko) Chrome/136.0.0.0 Safari/537.36"
172.16.15.67 - - [21/May/2025:07:50:29 +0000] "GET /AirlockUnlock/bien/biens.php?id_bien=1 HTTP/2.0" 200 261 "https://172.16.15.106:422/" "Mozilla/5.0 (Windows NT 10.0; Win64; x64) AppleWebKit/537.36 (KHTML, like Gecko) Chrome/136.0.0.0 Safari/537.36"
172.16.15.67 - - [21/May/2025:07:50:29 +0000] "GET /AirlockUnlock/bien/photos/test1.jpg HTTP/2.0" 200 63142 "https://172.16.15.106:422/" "Mozilla/5.0 (Windows NT 10.0; Win64; x64) AppleWebKit/537.36 (KHTML, like Gecko) Chrome/136.0.0.0 Safari/537.36"
172.16.15.67 - - [21/May/2025:07:51:10 +0000] "GET /AirlockUnlock/bien/biens.php HTTP/2.0" 200 1211 "https://172.16.15.106:422/" "Mozilla/5.0 (Windows NT 10.0; Win64; x64) AppleWebKit/537.36 (KHTML, like Gecko) Chrome/136.0.0.0 Safari/537.36"
172.16.15.67 - - [21/May/2025:07:51:10 +0000] "GET /AirlockUnlock/bien/biens.php HTTP/2.0" 200 1211 "https://172.16.15.106:422/" "Mozilla/5.0 (Windows NT 10.0; Win64; x64) AppleWebKit/537.36 (KHTML, like Gecko) Chrome/136.0.0.0 Safari/537.36"
172.16.15.67 - - [21/May/2025:07:51:10 +0000] "GET /AirlockUnlock/bien/photos/studio1.jpg HTTP/2.0" 200 34218 "https://172.16.15.106:422/" "Mozilla/5.0 (Windows NT 10.0; Win64; x64) AppleWebKit/537.36 (KHTML, like Gecko) Chrome/136.0.0.0 Safari/537.36"
172.16.15.67 - - [21/May/2025:07:51:10 +0000] "GET /AirlockUnlock/bien/photos/bureau1.jpg HTTP/2.0" 200 36638 "https://172.16.15.106:422/" "Mozilla/5.0 (Windows NT 10.0; Win64; x64) AppleWebKit/537.36 (KHTML, like Gecko) Chrome/136.0.0.0 Safari/537.36"
172.16.15.67 - - [21/May/2025:07:51:10 +0000] "GET /AirlockUnlock/bien/photos/villa1.jpg HTTP/2.0" 200 57075 "https://172.16.15.106:422/" "Mozilla/5.0 (Windows NT 10.0; Win64; x64) AppleWebKit/537.36 (KHTML, like Gecko) Chrome/136.0.0.0 Safari/537.36"
172.16.15.67 - - [21/May/2025:07:51:11 +0000] "GET /AirlockUnlock/bien/biens.php HTTP/2.0" 200 1211 "https://172.16.15.106:422/" "Mozilla/5.0 (Windows NT 10.0; Win64; x64) AppleWebKit/537.36 (KHTML, like Gecko) Chrome/136.0.0.0 Safari/537.36"
172.16.15.67 - - [21/May/2025:07:51:15 +0000] "GET /AirlockUnlock/client/reservations.php HTTP/2.0" 200 46 "https://172.16.15.106:422/" "Mozilla/5.0 (Windows NT 10.0; Win64; x64) AppleWebKit/537.36 (KHTML, like Gecko) Chrome/136.0.0.0 Safari/537.36"
172.16.15.67 - - [21/May/2025:07:52:28 +0000] "GET /AirlockUnlock/client/reservations.php HTTP/2.0" 200 46 "https://172.16.15.106:422/" "Mozilla/5.0 (Windows NT 10.0; Win64; x64) AppleWebKit/537.36 (KHTML, like Gecko) Chrome/136.0.0.0 Safari/537.36"
172.16.15.97 - - [21/May/2025:07:52:42 +0000] "POST /AirlockUnlock/client/connexion.php HTTP/1.1" 200 344 "-" "Dalvik/2.1.0 (Linux; U; Android 14; SM-X210 Build/UP1A.231005.007)"
172.16.15.97 - - [21/May/2025:07:52:42 +0000] "GET /AirlockUnlock/client/reservations.php HTTP/1.1" 200 1123 "-" "Dalvik/2.1.0 (Linux; U; Android 14; SM-X210 Build/UP1A.231005.007)"
172.16.15.67 - - [21/May/2025:07:52:42 +0000] "GET /AirlockUnlock/client/reservations.php HTTP/2.0" 200 46 "-" "Mozilla/5.0 (Windows NT 10.0; Win64; x64) AppleWebKit/537.36 (KHTML, like Gecko) Chrome/136.0.0.0 Safari/537.36"
172.16.15.67 - - [21/May/2025:07:52:42 +0000] "GET /favicon.ico HTTP/2.0" 404 16 "https://172.16.15.74:421/AirlockUnlock/client/reservations.php" "Mozilla/5.0 (Windows NT 10.0; Win64; x64) AppleWebKit/537.36 (KHTML, like Gecko) Chrome/136.0.0.0 Safari/537.36"
172.16.15.97 - - [21/May/2025:07:52:42 +0000] "GET /AirlockUnlock/bien/photos/bureau1.jpg HTTP/1.1" 200 36638 "-" "Dalvik/2.1.0 (Linux; U; Android 14; SM-X210 Build/UP1A.231005.007)"
172.16.15.97 - - [21/May/2025:07:52:42 +0000] "GET /AirlockUnlock/bien/photos/test1.jpg%0D%0A HTTP/1.1" 404 27 "-" "Dalvik/2.1.0 (Linux; U; Android 14; SM-X210 Build/UP1A.231005.007)"
172.16.15.97 - - [21/May/2025:07:52:42 +0000] "GET /AirlockUnlock/bien/photos/villa1.jpg HTTP/1.1" 200 57075 "-" "Dalvik/2.1.0 (Linux; U; Android 14; SM-X210 Build/UP1A.231005.007)"
172.16.15.97 - - [21/May/2025:07:52:42 +0000] "GET /AirlockUnlock/bien/photos/studio1.jpg HTTP/1.1" 200 34218 "-" "Dalvik/2.1.0 (Linux; U; Android 14; SM-X210 Build/UP1A.231005.007)"
172.16.15.97 - - [21/May/2025:07:52:44 +0000] "GET /AirlockUnlock/client/reservations.php HTTP/1.1" 200 1123 "-" "Dalvik/2.1.0 (Linux; U; Android 14; SM-X210 Build/UP1A.231005.007)"
172.16.15.97 - - [21/May/2025:07:52:44 +0000] "GET /AirlockUnlock/bien/photos/bureau1.jpg HTTP/1.1" 200 36638 "-" "Dalvik/2.1.0 (Linux; U; Android 14; SM-X210 Build/UP1A.231005.007)"
172.16.15.97 - - [21/May/2025:07:52:44 +0000] "GET /AirlockUnlock/bien/photos/test1.jpg%0D%0A HTTP/1.1" 404 27 "-" "Dalvik/2.1.0 (Linux; U; Android 14; SM-X210 Build/UP1A.231005.007)"
172.16.15.97 - - [21/May/2025:07:52:44 +0000] "GET /AirlockUnlock/bien/photos/villa1.jpg HTTP/1.1" 200 57075 "-" "Dalvik/2.1.0 (Linux; U; Android 14; SM-X210 Build/UP1A.231005.007)"
172.16.15.97 - - [21/May/2025:07:52:44 +0000] "GET /AirlockUnlock/bien/photos/studio1.jpg HTTP/1.1" 200 34218 "-" "Dalvik/2.1.0 (Linux; U; Android 14; SM-X210 Build/UP1A.231005.007)"
172.16.15.97 - - [21/May/2025:07:55:16 +0000] "POST /AirlockUnlock/client/connexion.php HTTP/1.1" 200 344 "-" "Dalvik/2.1.0 (Linux; U; Android 14; SM-X210 Build/UP1A.231005.007)"
172.16.15.97 - - [21/May/2025:07:55:16 +0000] "GET /AirlockUnlock/client/reservations.php HTTP/1.1" 200 1123 "-" "Dalvik/2.1.0 (Linux; U; Android 14; SM-X210 Build/UP1A.231005.007)"
172.16.15.97 - - [21/May/2025:07:55:16 +0000] "GET /AirlockUnlock/bien/photos/bureau1.jpg HTTP/1.1" 200 36638 "-" "Dalvik/2.1.0 (Linux; U; Android 14; SM-X210 Build/UP1A.231005.007)"
172.16.15.97 - - [21/May/2025:07:55:16 +0000] "GET /AirlockUnlock/bien/photos/studio1.jpg HTTP/1.1" 200 34218 "-" "Dalvik/2.1.0 (Linux; U; Android 14; SM-X210 Build/UP1A.231005.007)"
172.16.15.97 - - [21/May/2025:07:55:16 +0000] "GET /AirlockUnlock/bien/photos/test1.jpg%0D%0A HTTP/1.1" 404 27 "-" "Dalvik/2.1.0 (Linux; U; Android 14; SM-X210 Build/UP1A.231005.007)"
172.16.15.97 - - [21/May/2025:07:55:16 +0000] "GET /AirlockUnlock/bien/photos/villa1.jpg HTTP/1.1" 200 57075 "-" "Dalvik/2.1.0 (Linux; U; Android 14; SM-X210 Build/UP1A.231005.007)"
172.16.15.97 - - [21/May/2025:07:55:24 +0000] "GET /AirlockUnlock/client/reservations.php HTTP/1.1" 200 1123 "-" "Dalvik/2.1.0 (Linux; U; Android 14; SM-X210 Build/UP1A.231005.007)"
172.16.15.97 - - [21/May/2025:07:55:24 +0000] "GET /AirlockUnlock/bien/photos/villa1.jpg HTTP/1.1" 200 57075 "-" "Dalvik/2.1.0 (Linux; U; Android 14; SM-X210 Build/UP1A.231005.007)"
172.16.15.97 - - [21/May/2025:07:55:24 +0000] "GET /AirlockUnlock/bien/photos/bureau1.jpg HTTP/1.1" 200 36638 "-" "Dalvik/2.1.0 (Linux; U; Android 14; SM-X210 Build/UP1A.231005.007)"
172.16.15.97 - - [21/May/2025:07:55:24 +0000] "GET /AirlockUnlock/bien/photos/test1.jpg%0D%0A HTTP/1.1" 404 27 "-" "Dalvik/2.1.0 (Linux; U; Android 14; SM-X210 Build/UP1A.231005.007)"
172.16.15.97 - - [21/May/2025:07:55:24 +0000] "GET /AirlockUnlock/bien/photos/studio1.jpg HTTP/1.1" 200 34218 "-" "Dalvik/2.1.0 (Linux; U; Android 14; SM-X210 Build/UP1A.231005.007)"
172.16.15.67 - - [21/May/2025:07:57:02 +0000] "GET /AirlockUnlock/client/reservations.php HTTP/2.0" 200 46 "https://172.16.15.106:422/" "Mozilla/5.0 (Windows NT 10.0; Win64; x64) AppleWebKit/537.36 (KHTML, like Gecko) Chrome/136.0.0.0 Safari/537.36"
172.16.15.67 - - [21/May/2025:07:57:04 +0000] "GET /AirlockUnlock/client/reservations.php HTTP/2.0" 200 46 "https://172.16.15.106:422/" "Mozilla/5.0 (Windows NT 10.0; Win64; x64) AppleWebKit/537.36 (KHTML, like Gecko) Chrome/136.0.0.0 Safari/537.36"
172.16.15.67 - - [21/May/2025:07:57:05 +0000] "GET /AirlockUnlock/client/reservations.php HTTP/2.0" 200 46 "https://172.16.15.106:422/" "Mozilla/5.0 (Windows NT 10.0; Win64; x64) AppleWebKit/537.36 (KHTML, like Gecko) Chrome/136.0.0.0 Safari/537.36"
172.16.15.67 - - [21/May/2025:07:57:05 +0000] "GET /AirlockUnlock/client/reservations.php HTTP/2.0" 200 46 "https://172.16.15.106:422/" "Mozilla/5.0 (Windows NT 10.0; Win64; x64) AppleWebKit/537.36 (KHTML, like Gecko) Chrome/136.0.0.0 Safari/537.36"
172.16.15.67 - - [21/May/2025:07:57:05 +0000] "GET /AirlockUnlock/client/reservations.php HTTP/2.0" 200 46 "https://172.16.15.106:422/" "Mozilla/5.0 (Windows NT 10.0; Win64; x64) AppleWebKit/537.36 (KHTML, like Gecko) Chrome/136.0.0.0 Safari/537.36"
172.16.15.67 - - [21/May/2025:07:57:05 +0000] "GET /AirlockUnlock/client/reservations.php HTTP/2.0" 200 46 "https://172.16.15.106:422/" "Mozilla/5.0 (Windows NT 10.0; Win64; x64) AppleWebKit/537.36 (KHTML, like Gecko) Chrome/136.0.0.0 Safari/537.36"
172.16.15.67 - - [21/May/2025:07:57:05 +0000] "GET /AirlockUnlock/client/reservations.php HTTP/2.0" 200 46 "https://172.16.15.106:422/" "Mozilla/5.0 (Windows NT 10.0; Win64; x64) AppleWebKit/537.36 (KHTML, like Gecko) Chrome/136.0.0.0 Safari/537.36"
172.16.15.67 - - [21/May/2025:07:57:06 +0000] "GET /AirlockUnlock/client/reservations.php HTTP/2.0" 200 46 "https://172.16.15.106:422/" "Mozilla/5.0 (Windows NT 10.0; Win64; x64) AppleWebKit/537.36 (KHTML, like Gecko) Chrome/136.0.0.0 Safari/537.36"
172.16.15.67 - - [21/May/2025:07:57:06 +0000] "GET /AirlockUnlock/client/reservations.php HTTP/2.0" 200 46 "https://172.16.15.106:422/" "Mozilla/5.0 (Windows NT 10.0; Win64; x64) AppleWebKit/537.36 (KHTML, like Gecko) Chrome/136.0.0.0 Safari/537.36"
172.16.15.67 - - [21/May/2025:07:57:10 +0000] "GET /AirlockUnlock/client/reservations.php HTTP/2.0" 200 46 "-" "Mozilla/5.0 (Windows NT 10.0; Win64; x64) AppleWebKit/537.36 (KHTML, like Gecko) Chrome/136.0.0.0 Safari/537.36"
172.16.15.67 - - [21/May/2025:07:57:10 +0000] "GET /favicon.ico HTTP/2.0" 404 16 "https://172.16.15.74:421/AirlockUnlock/client/reservations.php" "Mozilla/5.0 (Windows NT 10.0; Win64; x64) AppleWebKit/537.36 (KHTML, like Gecko) Chrome/136.0.0.0 Safari/537.36"
172.16.15.97 - - [21/May/2025:07:57:54 +0000] "POST /AirlockUnlock/client/connexion.php HTTP/1.1" 200 344 "-" "Dalvik/2.1.0 (Linux; U; Android 14; SM-X210 Build/UP1A.231005.007)"
172.16.15.97 - - [21/May/2025:07:57:54 +0000] "GET /AirlockUnlock/client/reservations.php HTTP/1.1" 200 1123 "-" "Dalvik/2.1.0 (Linux; U; Android 14; SM-X210 Build/UP1A.231005.007)"
172.16.15.97 - - [21/May/2025:07:57:55 +0000] "GET /AirlockUnlock/bien/photos/bureau1.jpg HTTP/1.1" 200 36638 "-" "Dalvik/2.1.0 (Linux; U; Android 14; SM-X210 Build/UP1A.231005.007)"
172.16.15.97 - - [21/May/2025:07:57:55 +0000] "GET /AirlockUnlock/bien/photos/villa1.jpg HTTP/1.1" 200 57075 "-" "Dalvik/2.1.0 (Linux; U; Android 14; SM-X210 Build/UP1A.231005.007)"
172.16.15.97 - - [21/May/2025:07:57:55 +0000] "GET /AirlockUnlock/bien/photos/test1.jpg%0D%0A HTTP/1.1" 404 27 "-" "Dalvik/2.1.0 (Linux; U; Android 14; SM-X210 Build/UP1A.231005.007)"
172.16.15.97 - - [21/May/2025:07:57:55 +0000] "GET /AirlockUnlock/bien/photos/studio1.jpg HTTP/1.1" 200 34218 "-" "Dalvik/2.1.0 (Linux; U; Android 14; SM-X210 Build/UP1A.231005.007)"
172.16.15.97 - - [21/May/2025:07:58:03 +0000] "GET /AirlockUnlock/client/reservations.php HTTP/1.1" 200 1123 "-" "Dalvik/2.1.0 (Linux; U; Android 14; SM-X210 Build/UP1A.231005.007)"
172.16.15.97 - - [21/May/2025:07:58:03 +0000] "GET /AirlockUnlock/bien/photos/villa1.jpg HTTP/1.1" 200 57075 "-" "Dalvik/2.1.0 (Linux; U; Android 14; SM-X210 Build/UP1A.231005.007)"
172.16.15.97 - - [21/May/2025:07:58:03 +0000] "GET /AirlockUnlock/bien/photos/bureau1.jpg HTTP/1.1" 200 36638 "-" "Dalvik/2.1.0 (Linux; U; Android 14; SM-X210 Build/UP1A.231005.007)"
172.16.15.97 - - [21/May/2025:07:58:03 +0000] "GET /AirlockUnlock/bien/photos/test1.jpg%0D%0A HTTP/1.1" 404 27 "-" "Dalvik/2.1.0 (Linux; U; Android 14; SM-X210 Build/UP1A.231005.007)"
172.16.15.97 - - [21/May/2025:07:58:03 +0000] "GET /AirlockUnlock/bien/photos/studio1.jpg HTTP/1.1" 200 34218 "-" "Dalvik/2.1.0 (Linux; U; Android 14; SM-X210 Build/UP1A.231005.007)"
172.16.15.67 - - [21/May/2025:07:58:43 +0000] "GET /AirlockUnlock/client/reservations.php HTTP/2.0" 200 46 "https://172.16.15.106:422/" "Mozilla/5.0 (Windows NT 10.0; Win64; x64) AppleWebKit/537.36 (KHTML, like Gecko) Chrome/136.0.0.0 Safari/537.36"
172.16.15.97 - - [21/May/2025:07:58:49 +0000] "GET /AirlockUnlock/client/reservations.php HTTP/1.1" 200 1123 "-" "PostmanRuntime/7.44.0"
172.16.15.87 - - [21/May/2025:07:59:23 +0000] "POST /AirlockUnlock/proprietaire/connexion.php HTTP/2.0" 200 411 "https://172.16.15.106:422/" "Mozilla/5.0 (Windows NT 10.0; Win64; x64) AppleWebKit/537.36 (KHTML, like Gecko) Chrome/136.0.0.0 Safari/537.36"
172.16.15.87 - - [21/May/2025:07:59:51 +0000] "OPTIONS /AirlockUnlock/bien/publier-bien.php HTTP/2.0" 200 31 "https://172.16.15.106:422/" "Mozilla/5.0 (Windows NT 10.0; Win64; x64) AppleWebKit/537.36 (KHTML, like Gecko) Chrome/136.0.0.0 Safari/537.36"
172.16.15.87 - - [21/May/2025:07:59:51 +0000] "POST /AirlockUnlock/bien/publier-bien.php HTTP/2.0" 200 73 "https://172.16.15.106:422/" "Mozilla/5.0 (Windows NT 10.0; Win64; x64) AppleWebKit/537.36 (KHTML, like Gecko) Chrome/136.0.0.0 Safari/537.36"
172.16.15.97 - - [21/May/2025:07:59:53 +0000] "POST /AirlockUnlock/client/connexion.php HTTP/1.1" 200 344 "-" "PostmanRuntime/7.44.0"
172.16.15.87 - - [21/May/2025:08:00:00 +0000] "OPTIONS /AirlockUnlock/bien/publier-bien.php HTTP/2.0" 200 31 "https://172.16.15.106:422/" "Mozilla/5.0 (Windows NT 10.0; Win64; x64) AppleWebKit/537.36 (KHTML, like Gecko) Chrome/136.0.0.0 Safari/537.36"
172.16.15.87 - - [21/May/2025:08:00:00 +0000] "POST /AirlockUnlock/bien/publier-bien.php HTTP/2.0" 200 153 "https://172.16.15.106:422/" "Mozilla/5.0 (Windows NT 10.0; Win64; x64) AppleWebKit/537.36 (KHTML, like Gecko) Chrome/136.0.0.0 Safari/537.36"
172.16.15.97 - - [21/May/2025:08:00:13 +0000] "GET /AirlockUnlock/client/reservations.php HTTP/1.1" 200 1123 "-" "PostmanRuntime/7.44.0"
172.16.15.67 - - [21/May/2025:08:00:55 +0000] "GET /AirlockUnlock/bien/biens.php HTTP/2.0" 200 1293 "https://172.16.15.106:422/" "Mozilla/5.0 (Windows NT 10.0; Win64; x64) AppleWebKit/537.36 (KHTML, like Gecko) Chrome/136.0.0.0 Safari/537.36"
172.16.15.67 - - [21/May/2025:08:00:55 +0000] "GET /AirlockUnlock/bien/biens.php HTTP/2.0" 200 1293 "https://172.16.15.106:422/" "Mozilla/5.0 (Windows NT 10.0; Win64; x64) AppleWebKit/537.36 (KHTML, like Gecko) Chrome/136.0.0.0 Safari/537.36"
172.16.15.67 - - [21/May/2025:08:00:55 +0000] "GET /AirlockUnlock/bien/photos/bureau1.jpg HTTP/2.0" 200 36638 "https://172.16.15.106:422/" "Mozilla/5.0 (Windows NT 10.0; Win64; x64) AppleWebKit/537.36 (KHTML, like Gecko) Chrome/136.0.0.0 Safari/537.36"
172.16.15.67 - - [21/May/2025:08:00:55 +0000] "GET /AirlockUnlock/bien/photos/studio1.jpg HTTP/2.0" 200 34218 "https://172.16.15.106:422/" "Mozilla/5.0 (Windows NT 10.0; Win64; x64) AppleWebKit/537.36 (KHTML, like Gecko) Chrome/136.0.0.0 Safari/537.36"
172.16.15.67 - - [21/May/2025:08:00:55 +0000] "GET /AirlockUnlock/bien/photos/test1.jpg HTTP/2.0" 200 63142 "https://172.16.15.106:422/" "Mozilla/5.0 (Windows NT 10.0; Win64; x64) AppleWebKit/537.36 (KHTML, like Gecko) Chrome/136.0.0.0 Safari/537.36"
172.16.15.67 - - [21/May/2025:08:00:55 +0000] "GET /AirlockUnlock/bien/photos/villa1.jpg HTTP/2.0" 200 57075 "https://172.16.15.106:422/" "Mozilla/5.0 (Windows NT 10.0; Win64; x64) AppleWebKit/537.36 (KHTML, like Gecko) Chrome/136.0.0.0 Safari/537.36"
172.16.15.67 - - [21/May/2025:08:00:55 +0000] "GET /AirlockUnlock/bien/photos/bien_682d8800373092.90779483.jpg HTTP/2.0" 200 49462 "https://172.16.15.106:422/" "Mozilla/5.0 (Windows NT 10.0; Win64; x64) AppleWebKit/537.36 (KHTML, like Gecko) Chrome/136.0.0.0 Safari/537.36"
172.16.15.67 - - [21/May/2025:08:01:16 +0000] "GET /AirlockUnlock/client/reservations.php HTTP/2.0" 200 46 "https://172.16.15.106:422/" "Mozilla/5.0 (Windows NT 10.0; Win64; x64) AppleWebKit/537.36 (KHTML, like Gecko) Chrome/136.0.0.0 Safari/537.36"
172.16.15.67 - - [21/May/2025:08:05:02 +0000] "GET /AirlockUnlock/client/reservations.php HTTP/2.0" 200 46 "https://172.16.15.106:422/" "Mozilla/5.0 (Windows NT 10.0; Win64; x64) AppleWebKit/537.36 (KHTML, like Gecko) Chrome/136.0.0.0 Safari/537.36"
172.16.15.67 - - [21/May/2025:08:05:06 +0000] "GET /AirlockUnlock/client/reservations.php HTTP/2.0" 200 46 "https://172.16.15.106:422/" "Mozilla/5.0 (Windows NT 10.0; Win64; x64) AppleWebKit/537.36 (KHTML, like Gecko) Chrome/136.0.0.0 Safari/537.36"
172.16.15.67 - - [21/May/2025:08:05:06 +0000] "GET /AirlockUnlock/client/reservations.php HTTP/2.0" 200 46 "https://172.16.15.106:422/" "Mozilla/5.0 (Windows NT 10.0; Win64; x64) AppleWebKit/537.36 (KHTML, like Gecko) Chrome/136.0.0.0 Safari/537.36"
172.16.15.67 - - [21/May/2025:08:05:06 +0000] "GET /AirlockUnlock/client/reservations.php HTTP/2.0" 200 46 "https://172.16.15.106:422/" "Mozilla/5.0 (Windows NT 10.0; Win64; x64) AppleWebKit/537.36 (KHTML, like Gecko) Chrome/136.0.0.0 Safari/537.36"
172.16.15.67 - - [21/May/2025:08:05:07 +0000] "GET /AirlockUnlock/client/reservations.php HTTP/2.0" 200 46 "https://172.16.15.106:422/" "Mozilla/5.0 (Windows NT 10.0; Win64; x64) AppleWebKit/537.36 (KHTML, like Gecko) Chrome/136.0.0.0 Safari/537.36"
172.16.15.67 - - [21/May/2025:08:05:07 +0000] "GET /AirlockUnlock/client/reservations.php HTTP/2.0" 200 46 "https://172.16.15.106:422/" "Mozilla/5.0 (Windows NT 10.0; Win64; x64) AppleWebKit/537.36 (KHTML, like Gecko) Chrome/136.0.0.0 Safari/537.36"
172.16.15.67 - - [21/May/2025:08:05:07 +0000] "GET /AirlockUnlock/client/reservations.php HTTP/2.0" 200 46 "https://172.16.15.106:422/" "Mozilla/5.0 (Windows NT 10.0; Win64; x64) AppleWebKit/537.36 (KHTML, like Gecko) Chrome/136.0.0.0 Safari/537.36"
172.16.15.67 - - [21/May/2025:08:05:07 +0000] "GET /AirlockUnlock/client/reservations.php HTTP/2.0" 200 46 "https://172.16.15.106:422/" "Mozilla/5.0 (Windows NT 10.0; Win64; x64) AppleWebKit/537.36 (KHTML, like Gecko) Chrome/136.0.0.0 Safari/537.36"
172.16.15.67 - - [21/May/2025:08:05:13 +0000] "GET /AirlockUnlock/client/reservations.php HTTP/2.0" 200 46 "https://172.16.15.106:422/" "Mozilla/5.0 (Windows NT 10.0; Win64; x64) AppleWebKit/537.36 (KHTML, like Gecko) Chrome/136.0.0.0 Safari/537.36"
172.16.15.67 - - [21/May/2025:08:05:16 +0000] "GET /AirlockUnlock/client/reservations.php HTTP/2.0" 200 46 "https://172.16.15.106:422/" "Mozilla/5.0 (Windows NT 10.0; Win64; x64) AppleWebKit/537.36 (KHTML, like Gecko) Chrome/136.0.0.0 Safari/537.36"
172.16.15.67 - - [21/May/2025:08:05:17 +0000] "GET /AirlockUnlock/client/reservations.php HTTP/2.0" 200 46 "https://172.16.15.106:422/" "Mozilla/5.0 (Windows NT 10.0; Win64; x64) AppleWebKit/537.36 (KHTML, like Gecko) Chrome/136.0.0.0 Safari/537.36"
172.16.15.67 - - [21/May/2025:08:05:18 +0000] "GET /AirlockUnlock/client/reservations.php HTTP/2.0" 200 46 "https://172.16.15.106:422/" "Mozilla/5.0 (Windows NT 10.0; Win64; x64) AppleWebKit/537.36 (KHTML, like Gecko) Chrome/136.0.0.0 Safari/537.36"
172.16.15.67 - - [21/May/2025:08:05:19 +0000] "GET /AirlockUnlock/client/reservations.php HTTP/2.0" 200 46 "https://172.16.15.106:422/" "Mozilla/5.0 (Windows NT 10.0; Win64; x64) AppleWebKit/537.36 (KHTML, like Gecko) Chrome/136.0.0.0 Safari/537.36"
172.16.15.67 - - [21/May/2025:08:05:21 +0000] "GET /AirlockUnlock/client/reservations.php HTTP/2.0" 200 46 "https://172.16.15.106:422/" "Mozilla/5.0 (Windows NT 10.0; Win64; x64) AppleWebKit/537.36 (KHTML, like Gecko) Chrome/136.0.0.0 Safari/537.36"
172.16.15.67 - - [21/May/2025:08:05:23 +0000] "GET /AirlockUnlock/client/reservations.php HTTP/2.0" 200 46 "https://172.16.15.106:422/" "Mozilla/5.0 (Windows NT 10.0; Win64; x64) AppleWebKit/537.36 (KHTML, like Gecko) Chrome/136.0.0.0 Safari/537.36"
172.16.15.67 - - [21/May/2025:08:05:24 +0000] "GET /AirlockUnlock/client/reservations.php HTTP/2.0" 200 46 "https://172.16.15.106:422/" "Mozilla/5.0 (Windows NT 10.0; Win64; x64) AppleWebKit/537.36 (KHTML, like Gecko) Chrome/136.0.0.0 Safari/537.36"
172.16.15.67 - - [21/May/2025:08:05:26 +0000] "GET /AirlockUnlock/client/reservations.php HTTP/2.0" 200 46 "https://172.16.15.106:422/" "Mozilla/5.0 (Windows NT 10.0; Win64; x64) AppleWebKit/537.36 (KHTML, like Gecko) Chrome/136.0.0.0 Safari/537.36"
172.16.15.67 - - [21/May/2025:08:05:26 +0000] "GET /AirlockUnlock/client/reservations.php HTTP/2.0" 200 46 "https://172.16.15.106:422/" "Mozilla/5.0 (Windows NT 10.0; Win64; x64) AppleWebKit/537.36 (KHTML, like Gecko) Chrome/136.0.0.0 Safari/537.36"
172.16.15.67 - - [21/May/2025:08:05:27 +0000] "GET /AirlockUnlock/client/reservations.php HTTP/2.0" 200 46 "https://172.16.15.106:422/" "Mozilla/5.0 (Windows NT 10.0; Win64; x64) AppleWebKit/537.36 (KHTML, like Gecko) Chrome/136.0.0.0 Safari/537.36"
172.16.15.67 - - [21/May/2025:08:05:27 +0000] "GET /AirlockUnlock/client/reservations.php HTTP/2.0" 200 46 "https://172.16.15.106:422/" "Mozilla/5.0 (Windows NT 10.0; Win64; x64) AppleWebKit/537.36 (KHTML, like Gecko) Chrome/136.0.0.0 Safari/537.36"
172.16.15.67 - - [21/May/2025:08:05:27 +0000] "GET /AirlockUnlock/client/reservations.php HTTP/2.0" 200 46 "https://172.16.15.106:422/" "Mozilla/5.0 (Windows NT 10.0; Win64; x64) AppleWebKit/537.36 (KHTML, like Gecko) Chrome/136.0.0.0 Safari/537.36"
172.16.15.67 - - [21/May/2025:08:06:19 +0000] "GET /AirlockUnlock/client/reservations.php HTTP/2.0" 200 46 "https://172.16.15.106:422/" "Mozilla/5.0 (Windows NT 10.0; Win64; x64) AppleWebKit/537.36 (KHTML, like Gecko) Chrome/136.0.0.0 Safari/537.36"
172.16.15.67 - - [21/May/2025:08:06:20 +0000] "GET /AirlockUnlock/client/reservations.php HTTP/2.0" 200 46 "https://172.16.15.106:422/" "Mozilla/5.0 (Windows NT 10.0; Win64; x64) AppleWebKit/537.36 (KHTML, like Gecko) Chrome/136.0.0.0 Safari/537.36"
172.16.15.67 - - [21/May/2025:08:06:23 +0000] "GET /AirlockUnlock/client/reservations.php HTTP/2.0" 200 46 "https://172.16.15.106:422/" "Mozilla/5.0 (Windows NT 10.0; Win64; x64) AppleWebKit/537.36 (KHTML, like Gecko) Chrome/136.0.0.0 Safari/537.36"
